// Jest Snapshot v1, https://goo.gl/fbAQLP

exports[`it matches snapshot 1`] = `
<DocumentFragment>
  <div>
    <h2>
      Todo List
    </h2>
    <form>
      <label
        for="task"
      >
        Task
      </label>
      <input
        id="task"
        name="task"
        type="text"
        value=""
      />
      <button>
        Submit
      </button>
    </form>
    <div />
  </div>
</DocumentFragment>
`;
